
> Configure project :
Fabric Loom: 1.15.4

> Task :compileJava FAILED
.\gradlew : C:\Users\guido\Documents\mcmods\RE-inventory\src\main\java\uberpookie\reinventory\client\R
EinventoryModMenu.java:147: error: method renderBackground in class Screen cannot be applied to given 
types;
At line:1 char:1
+ .\gradlew build 2>&1 | Tee-Object -FilePath build_output.txt | Select ...
+ ~~~~~~~~~~~~~~~~~~~~
    + CategoryInfo          : NotSpecified: (C:\Users\guido\...to given types;:String) [], RemoteExce 
   ption
    + FullyQualifiedErrorId : NativeCommandError
 

            this.renderBackground(context);
                ^
  required: DrawContext,int,int,float
  found:    DrawContext
  reason: actual and formal argument lists differ in length
1 error

FAILURE: Build failed with an exception.

* What went wrong:
Execution failed for task ':compileJava'.
> Compilation failed; see the compiler output below.
  C:\Users\guido\Documents\mcmods\RE-inventory\src\main\java\uberpookie\reinventory\client\REinventory
ModMenu.java:147: error: method renderBackground in class Screen cannot be applied to given types;
[Incubating] Problems report is available at: file:///C:/Users/guido/Documents/mcmods/RE-inventory/build/reports/problems/problems-report.html
              this.renderBackground(context);
                  ^
    required: DrawContext,int,int,float
    found:    DrawContext
    reason: actual and formal argument lists differ in length
  1 error

* Try:
> Check your code and dependencies to fix the compilation error(s)
> Run with --scan to get full insights from a Build Scan (powered by Develocity).

BUILD FAILED in 2s
1 actionable task: 1 executed
